/home/runner/work/automated-java-docs-and-packages/automated-java-docs-and-packages/src/main/java/pl/put/poznan/transformer/logic/JsonTransformer.java
/home/runner/work/automated-java-docs-and-packages/automated-java-docs-and-packages/src/main/java/pl/put/poznan/transformer/logic/Json.java
/home/runner/work/automated-java-docs-and-packages/automated-java-docs-and-packages/src/main/java/pl/put/poznan/transformer/logic/decorators/JsonSaverDecorator.java
/home/runner/work/automated-java-docs-and-packages/automated-java-docs-and-packages/src/main/java/pl/put/poznan/transformer/logic/JsonData.java
/home/runner/work/automated-java-docs-and-packages/automated-java-docs-and-packages/src/main/java/pl/put/poznan/transformer/app/JsonToolsApplication.java
/home/runner/work/automated-java-docs-and-packages/automated-java-docs-and-packages/src/main/java/pl/put/poznan/transformer/exceptions/JsonProcessingError.java
/home/runner/work/automated-java-docs-and-packages/automated-java-docs-and-packages/src/main/java/pl/put/poznan/transformer/rest/JsonToolsController.java
/home/runner/work/automated-java-docs-and-packages/automated-java-docs-and-packages/src/main/java/pl/put/poznan/transformer/exceptions/AppExceptionHandler.java
/home/runner/work/automated-java-docs-and-packages/automated-java-docs-and-packages/src/main/java/pl/put/poznan/transformer/logic/decorators/JsonDecorator.java
/home/runner/work/automated-java-docs-and-packages/automated-java-docs-and-packages/src/main/java/pl/put/poznan/transformer/logic/decorators/JsonClarifierDecorator.java
/home/runner/work/automated-java-docs-and-packages/automated-java-docs-and-packages/src/main/java/pl/put/poznan/transformer/logic/decorators/JsonCutterDecorator.java
/home/runner/work/automated-java-docs-and-packages/automated-java-docs-and-packages/src/main/java/pl/put/poznan/transformer/logic/decorators/JsonMinifierDecorator.java
/home/runner/work/automated-java-docs-and-packages/automated-java-docs-and-packages/src/main/java/pl/put/poznan/transformer/exceptions/ApiError.java
/home/runner/work/automated-java-docs-and-packages/automated-java-docs-and-packages/src/main/java/pl/put/poznan/transformer/exceptions/InvalidJson.java
/home/runner/work/automated-java-docs-and-packages/automated-java-docs-and-packages/src/main/java/pl/put/poznan/transformer/exceptions/JsonCutterError.java
/home/runner/work/automated-java-docs-and-packages/automated-java-docs-and-packages/src/main/java/pl/put/poznan/transformer/logic/decorators/JsonValidatorDecorator.java
